// Jest Snapshot v1, https://goo.gl/fbAQLP

exports[`EmptyDropZone should render 1`] = `
<DocumentFragment>
  <div
    class="empty-drop-zone-root empty-drop-zone-dashed border-primary rounded"
  >
    <div
      class="drop-zone-target"
    >
      <div
        class="empty-drop-zone-indicator"
      />
    </div>
  </div>
</DocumentFragment>
`;
